# Git_(Три состояния)
## Три состояния
Теперь слушайте внимательно. Это самая важная вещь, которую нужно запомнить о Git, если вы хотите, чтобы остаток процесса обучения прошёл гладко. У Git есть три основных состояния, в которых могут находиться ваши файлы: изменён (modified), индексирован (staged) и зафиксирован (committed):

К изменённым относятся файлы, которые поменялись, но ещё не были зафиксированы.

Индексированный — это изменённый файл в его текущей версии, отмеченный для включения в следующий коммит.

Зафиксированный значит, что файл уже сохранён в вашей локальной базе.

*****

## Как получить помощь?
Если вам нужна помощь при использовании Git, есть три способа открыть страницу руководства по любой команде Git:

$ git help <команда>
$ git <команда> --help
$ man git-<команда>
Например, так можно открыть руководство по команде git config

$ git help config
Эти команды хороши тем, что ими можно пользоваться всегда, даже без подключения к сети. Если руководства и этой книги недостаточно и вам нужна персональная помощь, вы можете попытаться поискать её на каналах и IRC сервера Libera Chat, который доступен по адресу https://libera.chat/. Обычно там сотни людей, отлично знающих Git, которые могут помочь.#git#github

Так же, если вам нужно посмотреть только список опций и вы не хотите читать полную документацию по команде, вы можете использовать опцию для вывода краткой инструкции по использованию:-h

$ git add -h
usage: git add [<options>] [--] <pathspec>...

    -n, --dry-run         dry run
    -v, --verbose         be verbose

    -i, --interactive     interactive picking
    -p, --patch           select hunks interactively
    -e, --edit            edit current diff and apply
    -f, --force           allow adding otherwise ignored files
    -u, --update          update tracked files
    --renormalize         renormalize EOL of tracked files (implies -u)
    -N, --intent-to-add   record only the fact that the path will be added later
    -A, --all             add changes from all tracked and untracked files
    --ignore-removal      ignore paths removed in the working tree (same as --no-all)
    --refresh             don't add, only refresh the index
    --ignore-errors       just skip files which cannot be added because of errors
    --ignore-missing      check if - even missing - files are ignored in dry run
    --chmod (+|-)x        override the executable bit of the listed files
    